// Jest Snapshot v1, https://goo.gl/fbAQLP

exports[`FloatingActionButton should match snapshot 1`] = `
<View
  style={
    {
      "alignItems": "center",
      "bottom": 20,
      "justifyContent": "center",
      "left": 0,
      "position": "absolute",
      "right": 0,
    }
  }
>
  <View
    accessibilityState={
      {
        "busy": undefined,
        "checked": undefined,
        "disabled": undefined,
        "expanded": undefined,
        "selected": undefined,
      }
    }
    accessibilityValue={
      {
        "max": undefined,
        "min": undefined,
        "now": undefined,
        "text": undefined,
      }
    }
    accessible={true}
    collapsable={false}
    focusable={true}
    onClick={[Function]}
    onResponderGrant={[Function]}
    onResponderMove={[Function]}
    onResponderRelease={[Function]}
    onResponderTerminate={[Function]}
    onResponderTerminationRequest={[Function]}
    onStartShouldSetResponder={[Function]}
    style={
      {
        "alignItems": "center",
        "backgroundColor": "#FFFFFF",
        "borderRadius": 28,
        "elevation": 8,
        "justifyContent": "center",
        "opacity": 1,
        "padding": 8,
        "shadowColor": "#000000",
        "shadowOffset": {
          "height": 4,
          "width": 0,
        },
        "shadowOpacity": 0.3,
        "shadowRadius": 4.65,
        "width": 100,
      }
    }
  >
    <Text
      style={
        {
          "color": "#000000",
          "fontSize": 16,
        }
      }
    >
      Filter Sort
    </Text>
  </View>
</View>
`;

exports[`FloatingActionButton should match snapshot with different onPress handler 1`] = `
<View
  style={
    {
      "alignItems": "center",
      "bottom": 20,
      "justifyContent": "center",
      "left": 0,
      "position": "absolute",
      "right": 0,
    }
  }
>
  <View
    accessibilityState={
      {
        "busy": undefined,
        "checked": undefined,
        "disabled": undefined,
        "expanded": undefined,
        "selected": undefined,
      }
    }
    accessibilityValue={
      {
        "max": undefined,
        "min": undefined,
        "now": undefined,
        "text": undefined,
      }
    }
    accessible={true}
    collapsable={false}
    focusable={true}
    onClick={[Function]}
    onResponderGrant={[Function]}
    onResponderMove={[Function]}
    onResponderRelease={[Function]}
    onResponderTerminate={[Function]}
    onResponderTerminationRequest={[Function]}
    onStartShouldSetResponder={[Function]}
    style={
      {
        "alignItems": "center",
        "backgroundColor": "#FFFFFF",
        "borderRadius": 28,
        "elevation": 8,
        "justifyContent": "center",
        "opacity": 1,
        "padding": 8,
        "shadowColor": "#000000",
        "shadowOffset": {
          "height": 4,
          "width": 0,
        },
        "shadowOpacity": 0.3,
        "shadowRadius": 4.65,
        "width": 100,
      }
    }
  >
    <Text
      style={
        {
          "color": "#000000",
          "fontSize": 16,
        }
      }
    >
      Filter Sort
    </Text>
  </View>
</View>
`;
