// Jest Snapshot v1, https://goo.gl/fbAQLP

exports[`SortFilterModal should match snapshot when not visible 1`] = `null`;

exports[`SortFilterModal should match snapshot when visible with ASC selected 1`] = `
<Modal
  animationType="fade"
  onRequestClose={[MockFunction]}
  transparent={true}
  visible={true}
>
  <View
    accessibilityState={
      {
        "busy": undefined,
        "checked": undefined,
        "disabled": undefined,
        "expanded": undefined,
        "selected": undefined,
      }
    }
    accessible={true}
    focusable={true}
    onClick={[Function]}
    onResponderGrant={[Function]}
    onResponderMove={[Function]}
    onResponderRelease={[Function]}
    onResponderTerminate={[Function]}
    onResponderTerminationRequest={[Function]}
    onStartShouldSetResponder={[Function]}
    style={
      {
        "alignItems": "center",
        "backgroundColor": "rgba(0, 0, 0, 0.5)",
        "flex": 1,
        "justifyContent": "center",
      }
    }
  >
    <View
      accessibilityState={
        {
          "busy": undefined,
          "checked": undefined,
          "disabled": undefined,
          "expanded": undefined,
          "selected": undefined,
        }
      }
      accessible={true}
      focusable={false}
      onClick={[Function]}
      onResponderGrant={[Function]}
      onResponderMove={[Function]}
      onResponderRelease={[Function]}
      onResponderTerminate={[Function]}
      onResponderTerminationRequest={[Function]}
      onStartShouldSetResponder={[Function]}
      style={
        {
          "backgroundColor": "#FFFFFF",
          "borderRadius": 12,
          "elevation": 5,
          "maxWidth": 320,
          "padding": 20,
          "shadowColor": "#000",
          "shadowOffset": {
            "height": 2,
            "width": 0,
          },
          "shadowOpacity": 0.25,
          "shadowRadius": 3.84,
          "width": "80%",
        }
      }
    >
      <Text
        style={
          {
            "color": "#000000",
            "fontSize": 20,
            "fontWeight": "600",
            "marginBottom": 20,
            "textAlign": "center",
          }
        }
      >
        Sort Repositories
      </Text>
      <View
        accessibilityState={
          {
            "busy": undefined,
            "checked": undefined,
            "disabled": undefined,
            "expanded": undefined,
            "selected": undefined,
          }
        }
        accessibilityValue={
          {
            "max": undefined,
            "min": undefined,
            "now": undefined,
            "text": undefined,
          }
        }
        accessible={true}
        collapsable={false}
        focusable={true}
        onClick={[Function]}
        onResponderGrant={[Function]}
        onResponderMove={[Function]}
        onResponderRelease={[Function]}
        onResponderTerminate={[Function]}
        onResponderTerminationRequest={[Function]}
        onStartShouldSetResponder={[Function]}
        style={
          {
            "alignItems": "center",
            "backgroundColor": "#DEDEDE",
            "borderColor": "#161B28",
            "borderRadius": 8,
            "borderWidth": 1,
            "flexDirection": "row",
            "justifyContent": "space-between",
            "marginBottom": 8,
            "opacity": 1,
            "paddingHorizontal": 16,
            "paddingVertical": 12,
          }
        }
      >
        <Text
          style={
            [
              {
                "color": "#161B28",
                "fontSize": 16,
              },
              {
                "color": "#000000",
                "fontWeight": "600",
              },
            ]
          }
        >
          Ascending (A-Z)
        </Text>
      </View>
      <View
        accessibilityState={
          {
            "busy": undefined,
            "checked": undefined,
            "disabled": undefined,
            "expanded": undefined,
            "selected": undefined,
          }
        }
        accessibilityValue={
          {
            "max": undefined,
            "min": undefined,
            "now": undefined,
            "text": undefined,
          }
        }
        accessible={true}
        collapsable={false}
        focusable={true}
        onClick={[Function]}
        onResponderGrant={[Function]}
        onResponderMove={[Function]}
        onResponderRelease={[Function]}
        onResponderTerminate={[Function]}
        onResponderTerminationRequest={[Function]}
        onStartShouldSetResponder={[Function]}
        style={
          {
            "alignItems": "center",
            "backgroundColor": "#EEEBE3",
            "borderRadius": 8,
            "flexDirection": "row",
            "justifyContent": "space-between",
            "marginBottom": 8,
            "opacity": 1,
            "paddingHorizontal": 16,
            "paddingVertical": 12,
          }
        }
      >
        <Text
          style={
            [
              {
                "color": "#161B28",
                "fontSize": 16,
              },
              false,
            ]
          }
        >
          Descending (Z-A)
        </Text>
      </View>
      <View
        accessibilityState={
          {
            "busy": undefined,
            "checked": undefined,
            "disabled": undefined,
            "expanded": undefined,
            "selected": undefined,
          }
        }
        accessibilityValue={
          {
            "max": undefined,
            "min": undefined,
            "now": undefined,
            "text": undefined,
          }
        }
        accessible={true}
        collapsable={false}
        focusable={true}
        onClick={[Function]}
        onResponderGrant={[Function]}
        onResponderMove={[Function]}
        onResponderRelease={[Function]}
        onResponderTerminate={[Function]}
        onResponderTerminationRequest={[Function]}
        onStartShouldSetResponder={[Function]}
        style={
          {
            "alignItems": "center",
            "backgroundColor": "#161B28",
            "borderRadius": 8,
            "marginTop": 12,
            "opacity": 1,
            "paddingVertical": 12,
          }
        }
      >
        <Text
          style={
            {
              "color": "#FFFFFF",
              "fontSize": 16,
              "fontWeight": "600",
            }
          }
        >
          Close
        </Text>
      </View>
    </View>
  </View>
</Modal>
`;

exports[`SortFilterModal should match snapshot when visible with DESC selected 1`] = `
<Modal
  animationType="fade"
  onRequestClose={[MockFunction]}
  transparent={true}
  visible={true}
>
  <View
    accessibilityState={
      {
        "busy": undefined,
        "checked": undefined,
        "disabled": undefined,
        "expanded": undefined,
        "selected": undefined,
      }
    }
    accessible={true}
    focusable={true}
    onClick={[Function]}
    onResponderGrant={[Function]}
    onResponderMove={[Function]}
    onResponderRelease={[Function]}
    onResponderTerminate={[Function]}
    onResponderTerminationRequest={[Function]}
    onStartShouldSetResponder={[Function]}
    style={
      {
        "alignItems": "center",
        "backgroundColor": "rgba(0, 0, 0, 0.5)",
        "flex": 1,
        "justifyContent": "center",
      }
    }
  >
    <View
      accessibilityState={
        {
          "busy": undefined,
          "checked": undefined,
          "disabled": undefined,
          "expanded": undefined,
          "selected": undefined,
        }
      }
      accessible={true}
      focusable={false}
      onClick={[Function]}
      onResponderGrant={[Function]}
      onResponderMove={[Function]}
      onResponderRelease={[Function]}
      onResponderTerminate={[Function]}
      onResponderTerminationRequest={[Function]}
      onStartShouldSetResponder={[Function]}
      style={
        {
          "backgroundColor": "#FFFFFF",
          "borderRadius": 12,
          "elevation": 5,
          "maxWidth": 320,
          "padding": 20,
          "shadowColor": "#000",
          "shadowOffset": {
            "height": 2,
            "width": 0,
          },
          "shadowOpacity": 0.25,
          "shadowRadius": 3.84,
          "width": "80%",
        }
      }
    >
      <Text
        style={
          {
            "color": "#000000",
            "fontSize": 20,
            "fontWeight": "600",
            "marginBottom": 20,
            "textAlign": "center",
          }
        }
      >
        Sort Repositories
      </Text>
      <View
        accessibilityState={
          {
            "busy": undefined,
            "checked": undefined,
            "disabled": undefined,
            "expanded": undefined,
            "selected": undefined,
          }
        }
        accessibilityValue={
          {
            "max": undefined,
            "min": undefined,
            "now": undefined,
            "text": undefined,
          }
        }
        accessible={true}
        collapsable={false}
        focusable={true}
        onClick={[Function]}
        onResponderGrant={[Function]}
        onResponderMove={[Function]}
        onResponderRelease={[Function]}
        onResponderTerminate={[Function]}
        onResponderTerminationRequest={[Function]}
        onStartShouldSetResponder={[Function]}
        style={
          {
            "alignItems": "center",
            "backgroundColor": "#EEEBE3",
            "borderRadius": 8,
            "flexDirection": "row",
            "justifyContent": "space-between",
            "marginBottom": 8,
            "opacity": 1,
            "paddingHorizontal": 16,
            "paddingVertical": 12,
          }
        }
      >
        <Text
          style={
            [
              {
                "color": "#161B28",
                "fontSize": 16,
              },
              false,
            ]
          }
        >
          Ascending (A-Z)
        </Text>
      </View>
      <View
        accessibilityState={
          {
            "busy": undefined,
            "checked": undefined,
            "disabled": undefined,
            "expanded": undefined,
            "selected": undefined,
          }
        }
        accessibilityValue={
          {
            "max": undefined,
            "min": undefined,
            "now": undefined,
            "text": undefined,
          }
        }
        accessible={true}
        collapsable={false}
        focusable={true}
        onClick={[Function]}
        onResponderGrant={[Function]}
        onResponderMove={[Function]}
        onResponderRelease={[Function]}
        onResponderTerminate={[Function]}
        onResponderTerminationRequest={[Function]}
        onStartShouldSetResponder={[Function]}
        style={
          {
            "alignItems": "center",
            "backgroundColor": "#DEDEDE",
            "borderColor": "#161B28",
            "borderRadius": 8,
            "borderWidth": 1,
            "flexDirection": "row",
            "justifyContent": "space-between",
            "marginBottom": 8,
            "opacity": 1,
            "paddingHorizontal": 16,
            "paddingVertical": 12,
          }
        }
      >
        <Text
          style={
            [
              {
                "color": "#161B28",
                "fontSize": 16,
              },
              {
                "color": "#000000",
                "fontWeight": "600",
              },
            ]
          }
        >
          Descending (Z-A)
        </Text>
      </View>
      <View
        accessibilityState={
          {
            "busy": undefined,
            "checked": undefined,
            "disabled": undefined,
            "expanded": undefined,
            "selected": undefined,
          }
        }
        accessibilityValue={
          {
            "max": undefined,
            "min": undefined,
            "now": undefined,
            "text": undefined,
          }
        }
        accessible={true}
        collapsable={false}
        focusable={true}
        onClick={[Function]}
        onResponderGrant={[Function]}
        onResponderMove={[Function]}
        onResponderRelease={[Function]}
        onResponderTerminate={[Function]}
        onResponderTerminationRequest={[Function]}
        onStartShouldSetResponder={[Function]}
        style={
          {
            "alignItems": "center",
            "backgroundColor": "#161B28",
            "borderRadius": 8,
            "marginTop": 12,
            "opacity": 1,
            "paddingVertical": 12,
          }
        }
      >
        <Text
          style={
            {
              "color": "#FFFFFF",
              "fontSize": 16,
              "fontWeight": "600",
            }
          }
        >
          Close
        </Text>
      </View>
    </View>
  </View>
</Modal>
`;
